<?xml version="1.0" encoding="utf-8"?>
<TestRun id="f4f34d05-0a32-4f21-9363-969477eda9c4" name="vignesh@VIGNESH 2026-03-23 00:28:19" runUser="Vignesh\vignesh" xmlns="http://microsoft.com/schemas/VisualStudio/TeamTest/2010">
  <Times creation="2026-03-23T00:28:19.5357804+05:30" queuing="2026-03-23T00:28:19.5357810+05:30" start="2026-03-23T00:28:15.8408381+05:30" finish="2026-03-23T00:28:19.8839617+05:30" />
  <TestSettings name="default" id="9d93cc27-b801-4812-832c-8e1b81ae2f64">
    <Deployment runDeploymentRoot="vignesh_VIGNESH_2026-03-23_00_28_19" />
  </TestSettings>
  <Results>
    <UnitTestResult executionId="dfa1a6db-179f-4cd7-88ed-bd5f82596865" testId="78f40ea2-e076-599f-4f69-c00ce1185e81" testName="Can_save_and_retrieve_OrderState_From_Database" computerName="VIGNESH" duration="00:00:00.4630750" startTime="2026-03-23T00:28:19.3023266+05:30" endTime="2026-03-23T00:28:19.7654012+05:30" testType="13cdc9d9-ddb5-4fa4-a97d-d965ccfc6d4b" outcome="Passed" testListId="8c84fa94-04c1-424b-9868-57a2d4851a1d" relativeResultsDirectory="dfa1a6db-179f-4cd7-88ed-bd5f82596865" />
    <UnitTestResult executionId="83286292-d15f-46c6-8e5f-8c8096f704cc" testId="a2049a11-cee5-10d2-1b31-3b3e5cfd9c2d" testName="Publish_SubmitOrder_RecordsState_InDatabase" computerName="VIGNESH" duration="00:00:02.4624410" startTime="2026-03-23T00:28:16.8329891+05:30" endTime="2026-03-23T00:28:19.2953294+05:30" testType="13cdc9d9-ddb5-4fa4-a97d-d965ccfc6d4b" outcome="Failed" testListId="8c84fa94-04c1-424b-9868-57a2d4851a1d" relativeResultsDirectory="83286292-d15f-46c6-8e5f-8c8096f704cc">
      <Output>
        <StdOut>00:28:17.131-I Configured endpoint OrderState, Saga: Orchestrator.StateMachines.Order.OrderState, State Machine: Orchestrator.StateMachines.Order.OrderStateMachine&#xD;
00:28:17.357-D Starting bus instances: IBus&#xD;
00:28:17.361-D Starting bus: loopback://localhost/&#xD;
00:28:17.403-D Endpoint Ready: loopback://localhost/VIGNESH_testhost_bus_ntuoyyndb1mmsb7obdxeot84n9&#xD;
00:28:17.403-D Endpoint Ready: loopback://localhost/OrderState&#xD;
00:28:17.409-I Bus started: loopback://localhost/&#xD;
00:28:17.431-D Create send transport: loopback://localhost/urn:message:Orchestrator.Contracts.Order:SubmitOrder&#xD;
00:28:17.521-D SEND loopback://localhost/urn:message:Orchestrator.Contracts.Order:SubmitOrder 14670000-430c-96bb-35ac-08de8844fa76 Orchestrator.Contracts.Order.SubmitOrder&#xD;
00:28:17.625-D An 'IServiceProvider' was created for internal use by Entity Framework.&#xD;
00:28:17.894-D Entity Framework Core 8.0.2 initialized 'OrderStateDbContext' using provider 'Microsoft.EntityFrameworkCore.InMemory:8.0.2' with options: StoreName=SagaE2E_38f55f88-cef4-40a6-a19b-50c4f45e4c25 &#xD;
00:28:17.907-D 'OrderStateDbContext' disposed.&#xD;
00:28:17.947-D Create send transport: loopback://localhost/urn:message:MassTransit:Fault[[Orchestrator.Contracts.Order:SubmitOrder]]&#xD;
00:28:17.973-D SEND loopback://localhost/urn:message:MassTransit:Fault[[Orchestrator.Contracts.Order:SubmitOrder]] 14670000-430c-96bb-282c-08de8844fac4 MassTransit.Fault&lt;Orchestrator.Contracts.Order.SubmitOrder&gt;&#xD;
00:28:17.978-E R-FAULT loopback://localhost/OrderState 14670000-430c-96bb-35ac-08de8844fa76 Orchestrator.Contracts.Order.SubmitOrder Orchestrator.StateMachines.Order.OrderState(00:00:00.3586021)&#xD;
&#xD;
System.InvalidOperationException: An error was generated for warning 'Microsoft.EntityFrameworkCore.Database.Transaction.TransactionIgnoredWarning': Transactions are not supported by the in-memory store. See https://go.microsoft.com/fwlink/?LinkId=800142 This exception can be suppressed or logged by passing event ID 'InMemoryEventId.TransactionIgnoredWarning' to the 'ConfigureWarnings' method in 'DbContext.OnConfiguring' or 'AddDbContext'.&#xD;
   at Microsoft.EntityFrameworkCore.Diagnostics.EventDefinition.Log[TLoggerCategory](IDiagnosticsLogger`1 logger, Exception exception)&#xD;
   at Microsoft.EntityFrameworkCore.InMemory.Internal.InMemoryLoggerExtensions.TransactionIgnoredWarning(IDiagnosticsLogger`1 diagnostics)&#xD;
   at Microsoft.EntityFrameworkCore.InMemory.Storage.Internal.InMemoryTransactionManager.BeginTransactionAsync(CancellationToken cancellationToken)&#xD;
   at Microsoft.EntityFrameworkCore.RelationalDatabaseFacadeExtensions.&lt;&gt;c__DisplayClass27_0.&lt;BeginTransactionAsync&gt;b__0(DatabaseFacade database, CancellationToken ct)&#xD;
   at Microsoft.EntityFrameworkCore.ExecutionStrategyExtensions.&lt;&gt;c__DisplayClass13_0`2.&lt;ExecuteAsync&gt;b__0(DbContext _, TState s, CancellationToken ct)&#xD;
   at Microsoft.EntityFrameworkCore.Storage.NonRetryingExecutionStrategy.ExecuteAsync[TState,TResult](TState state, Func`4 operation, Func`4 verifySucceeded, CancellationToken cancellationToken)&#xD;
   at Microsoft.EntityFrameworkCore.ExecutionStrategyExtensions.ExecuteAsync[TState,TResult](IExecutionStrategy strategy, TState state, Func`3 operation, Func`3 verifySucceeded, CancellationToken cancellationToken)&#xD;
   at Microsoft.EntityFrameworkCore.RelationalDatabaseFacadeExtensions.BeginTransactionAsync(DatabaseFacade databaseFacade, IsolationLevel isolationLevel, CancellationToken cancellationToken)&#xD;
   at MassTransit.EntityFrameworkCoreIntegration.Saga.EntityFrameworkSagaRepositoryContextFactory`1.WithinTransaction[T](DbContext context, CancellationToken cancellationToken, Func`1 callback) in /_/src/Persistence/MassTransit.EntityFrameworkCoreIntegration/EntityFrameworkCoreIntegration/Saga/EntityFrameworkSagaRepositoryContextFactory.cs:line 175&#xD;
   at MassTransit.EntityFrameworkCoreIntegration.Saga.EntityFrameworkSagaRepositoryContextFactory`1.Send[T](ConsumeContext`1 context, IPipe`1 next) in /_/src/Persistence/MassTransit.EntityFrameworkCoreIntegration/EntityFrameworkCoreIntegration/Saga/EntityFrameworkSagaRepositoryContextFactory.cs:line 81&#xD;
   at MassTransit.EntityFrameworkCoreIntegration.Saga.EntityFrameworkSagaRepositoryContextFactory`1.Send[T](ConsumeContext`1 context, IPipe`1 next) in /_/src/Persistence/MassTransit.EntityFrameworkCoreIntegration/EntityFrameworkCoreIntegration/Saga/EntityFrameworkSagaRepositoryContextFactory.cs:line 86&#xD;
   at MassTransit.DependencyInjection.DependencyInjectionSagaRepositoryContextFactory`1.Send[T](ConsumeContext`1 context, Func`3 send) in /_/src/MassTransit/DependencyInjection/DependencyInjection/DependencyInjectionSagaRepositoryContextFactory.cs:line 87&#xD;
   at MassTransit.DependencyInjection.DependencyInjectionSagaRepositoryContextFactory`1.Send[T](ConsumeContext`1 context, Func`3 send) in /_/src/MassTransit/DependencyInjection/DependencyInjection/DependencyInjectionSagaRepositoryContextFactory.cs:line 96&#xD;
   at MassTransit.Middleware.CorrelatedSagaFilter`2.Send(ConsumeContext`1 context, IPipe`1 next) in /_/src/MassTransit/Middleware/CorrelatedSagaFilter.cs:line 45&#xD;
00:28:19.252-D Stopping bus instances: IBus&#xD;
00:28:19.256-D Stopping bus: loopback://localhost/&#xD;
00:28:19.263-D Endpoint Stopping: loopback://localhost/OrderState&#xD;
00:28:19.264-D Consumer Stopping: loopback://localhost/OrderState (Stop Receive Transport)&#xD;
00:28:19.270-D Endpoint Completed: loopback://localhost/OrderState&#xD;
00:28:19.276-D Consumer Completed: loopback://localhost/OrderState: 1 received, 1 concurrent&#xD;
00:28:19.280-D Endpoint Stopping: loopback://localhost/VIGNESH_testhost_bus_ntuoyyndb1mmsb7obdxeot84n9&#xD;
00:28:19.280-D Consumer Stopping: loopback://localhost/VIGNESH_testhost_bus_ntuoyyndb1mmsb7obdxeot84n9 (Stop Receive Transport)&#xD;
00:28:19.280-D Endpoint Completed: loopback://localhost/VIGNESH_testhost_bus_ntuoyyndb1mmsb7obdxeot84n9&#xD;
00:28:19.280-D Consumer Completed: loopback://localhost/VIGNESH_testhost_bus_ntuoyyndb1mmsb7obdxeot84n9: 0 received, 0 concurrent&#xD;
00:28:19.290-I Bus stopped: loopback://localhost/</StdOut>
        <ErrorInfo>
          <Message>  Assert.That(await sagaHarness.Consumed.Any&lt;SubmitOrder&gt;(), Is.True)&#xD;
  Expected: True&#xD;
  But was:  False&#xD;
</Message>
          <StackTrace>   at Orchestrator.IntegrationTests.EndToEndSagaIntegrationTests.Publish_SubmitOrder_RecordsState_InDatabase() in d:\Repositories\dotnet-microservices-orch\tests\Orchestrator.IntegrationTests\EndToEndSagaIntegrationTests.cs:line 72&#xD;
   at NUnit.Framework.Internal.TaskAwaitAdapter.GenericAdapter`1.BlockUntilCompleted()&#xD;
   at NUnit.Framework.Internal.MessagePumpStrategy.NoMessagePumpStrategy.WaitForCompletion(AwaitAdapter awaiter)&#xD;
   at NUnit.Framework.Internal.AsyncToSyncAdapter.Await[TResult](Func`1 invoke)&#xD;
   at NUnit.Framework.Internal.AsyncToSyncAdapter.Await(Func`1 invoke)&#xD;
   at NUnit.Framework.Internal.Commands.TestMethodCommand.RunTestMethod(TestExecutionContext context)&#xD;
   at NUnit.Framework.Internal.Commands.TestMethodCommand.Execute(TestExecutionContext context)&#xD;
   at NUnit.Framework.Internal.Commands.BeforeAndAfterTestCommand.&lt;&gt;c__DisplayClass1_0.&lt;Execute&gt;b__0()&#xD;
   at NUnit.Framework.Internal.Commands.DelegatingTestCommand.RunTestMethodInThreadAbortSafeZone(TestExecutionContext context, Action action)&#xD;

1)    at Orchestrator.IntegrationTests.EndToEndSagaIntegrationTests.Publish_SubmitOrder_RecordsState_InDatabase() in d:\Repositories\dotnet-microservices-orch\tests\Orchestrator.IntegrationTests\EndToEndSagaIntegrationTests.cs:line 72&#xD;

</StackTrace>
        </ErrorInfo>
      </Output>
    </UnitTestResult>
  </Results>
  <TestDefinitions>
    <UnitTest name="Can_save_and_retrieve_OrderState_From_Database" storage="d:\repositories\dotnet-microservices-orch\tests\orchestrator.integrationtests\bin\debug\net8.0\orchestrator.integrationtests.dll" id="78f40ea2-e076-599f-4f69-c00ce1185e81">
      <Execution id="dfa1a6db-179f-4cd7-88ed-bd5f82596865" />
      <TestMethod codeBase="d:\Repositories\dotnet-microservices-orch\tests\Orchestrator.IntegrationTests\bin\Debug\net8.0\Orchestrator.IntegrationTests.dll" adapterTypeName="executor://nunit3testexecutor/" className="Orchestrator.IntegrationTests.OrderStateDbContextTests" name="Can_save_and_retrieve_OrderState_From_Database" />
    </UnitTest>
    <UnitTest name="Publish_SubmitOrder_RecordsState_InDatabase" storage="d:\repositories\dotnet-microservices-orch\tests\orchestrator.integrationtests\bin\debug\net8.0\orchestrator.integrationtests.dll" id="a2049a11-cee5-10d2-1b31-3b3e5cfd9c2d">
      <Execution id="83286292-d15f-46c6-8e5f-8c8096f704cc" />
      <TestMethod codeBase="d:\Repositories\dotnet-microservices-orch\tests\Orchestrator.IntegrationTests\bin\Debug\net8.0\Orchestrator.IntegrationTests.dll" adapterTypeName="executor://nunit3testexecutor/" className="Orchestrator.IntegrationTests.EndToEndSagaIntegrationTests" name="Publish_SubmitOrder_RecordsState_InDatabase" />
    </UnitTest>
  </TestDefinitions>
  <TestEntries>
    <TestEntry testId="78f40ea2-e076-599f-4f69-c00ce1185e81" executionId="dfa1a6db-179f-4cd7-88ed-bd5f82596865" testListId="8c84fa94-04c1-424b-9868-57a2d4851a1d" />
    <TestEntry testId="a2049a11-cee5-10d2-1b31-3b3e5cfd9c2d" executionId="83286292-d15f-46c6-8e5f-8c8096f704cc" testListId="8c84fa94-04c1-424b-9868-57a2d4851a1d" />
  </TestEntries>
  <TestLists>
    <TestList name="Results Not in a List" id="8c84fa94-04c1-424b-9868-57a2d4851a1d" />
    <TestList name="All Loaded Results" id="19431567-8539-422a-85d7-44ee4e166bda" />
  </TestLists>
  <ResultSummary outcome="Failed">
    <Counters total="2" executed="2" passed="1" failed="1" error="0" timeout="0" aborted="0" inconclusive="0" passedButRunAborted="0" notRunnable="0" notExecuted="0" disconnected="0" warning="0" completed="0" inProgress="0" pending="0" />
    <Output>
      <StdOut>NUnit Adapter 4.5.0.0: Test execution started&#xD;
Running all tests in d:\Repositories\dotnet-microservices-orch\tests\Orchestrator.IntegrationTests\bin\Debug\net8.0\Orchestrator.IntegrationTests.dll&#xD;
   NUnit3TestExecutor discovered 2 of 2 NUnit test cases using Current Discovery mode, Non-Explicit run&#xD;
NUnit Adapter 4.5.0.0: Test execution complete&#xD;
</StdOut>
    </Output>
    <RunInfos>
      <RunInfo computerName="VIGNESH" outcome="Warning" timestamp="2026-03-23T00:28:19.3262342+05:30">
        <Text>00:28:17.131-I Configured endpoint OrderState, Saga: Orchestrator.StateMachines.Order.OrderState, State Machine: Orchestrator.StateMachines.Order.OrderStateMachine&#xD;
00:28:17.357-D Starting bus instances: IBus&#xD;
00:28:17.361-D Starting bus: loopback://localhost/&#xD;
00:28:17.403-D Endpoint Ready: loopback://localhost/VIGNESH_testhost_bus_ntuoyyndb1mmsb7obdxeot84n9&#xD;
00:28:17.403-D Endpoint Ready: loopback://localhost/OrderState&#xD;
00:28:17.409-I Bus started: loopback://localhost/&#xD;
00:28:17.431-D Create send transport: loopback://localhost/urn:message:Orchestrator.Contracts.Order:SubmitOrder&#xD;
00:28:17.521-D SEND loopback://localhost/urn:message:Orchestrator.Contracts.Order:SubmitOrder 14670000-430c-96bb-35ac-08de8844fa76 Orchestrator.Contracts.Order.SubmitOrder&#xD;
00:28:17.625-D An 'IServiceProvider' was created for internal use by Entity Framework.&#xD;
00:28:17.894-D Entity Framework Core 8.0.2 initialized 'OrderStateDbContext' using provider 'Microsoft.EntityFrameworkCore.InMemory:8.0.2' with options: StoreName=SagaE2E_38f55f88-cef4-40a6-a19b-50c4f45e4c25 &#xD;
00:28:17.907-D 'OrderStateDbContext' disposed.&#xD;
00:28:17.947-D Create send transport: loopback://localhost/urn:message:MassTransit:Fault[[Orchestrator.Contracts.Order:SubmitOrder]]&#xD;
00:28:17.973-D SEND loopback://localhost/urn:message:MassTransit:Fault[[Orchestrator.Contracts.Order:SubmitOrder]] 14670000-430c-96bb-282c-08de8844fac4 MassTransit.Fault&lt;Orchestrator.Contracts.Order.SubmitOrder&gt;&#xD;
00:28:17.978-E R-FAULT loopback://localhost/OrderState 14670000-430c-96bb-35ac-08de8844fa76 Orchestrator.Contracts.Order.SubmitOrder Orchestrator.StateMachines.Order.OrderState(00:00:00.3586021)&#xD;
&#xD;
System.InvalidOperationException: An error was generated for warning 'Microsoft.EntityFrameworkCore.Database.Transaction.TransactionIgnoredWarning': Transactions are not supported by the in-memory store. See https://go.microsoft.com/fwlink/?LinkId=800142 This exception can be suppressed or logged by passing event ID 'InMemoryEventId.TransactionIgnoredWarning' to the 'ConfigureWarnings' method in 'DbContext.OnConfiguring' or 'AddDbContext'.&#xD;
   at Microsoft.EntityFrameworkCore.Diagnostics.EventDefinition.Log[TLoggerCategory](IDiagnosticsLogger`1 logger, Exception exception)&#xD;
   at Microsoft.EntityFrameworkCore.InMemory.Internal.InMemoryLoggerExtensions.TransactionIgnoredWarning(IDiagnosticsLogger`1 diagnostics)&#xD;
   at Microsoft.EntityFrameworkCore.InMemory.Storage.Internal.InMemoryTransactionManager.BeginTransactionAsync(CancellationToken cancellationToken)&#xD;
   at Microsoft.EntityFrameworkCore.RelationalDatabaseFacadeExtensions.&lt;&gt;c__DisplayClass27_0.&lt;BeginTransactionAsync&gt;b__0(DatabaseFacade database, CancellationToken ct)&#xD;
   at Microsoft.EntityFrameworkCore.ExecutionStrategyExtensions.&lt;&gt;c__DisplayClass13_0`2.&lt;ExecuteAsync&gt;b__0(DbContext _, TState s, CancellationToken ct)&#xD;
   at Microsoft.EntityFrameworkCore.Storage.NonRetryingExecutionStrategy.ExecuteAsync[TState,TResult](TState state, Func`4 operation, Func`4 verifySucceeded, CancellationToken cancellationToken)&#xD;
   at Microsoft.EntityFrameworkCore.ExecutionStrategyExtensions.ExecuteAsync[TState,TResult](IExecutionStrategy strategy, TState state, Func`3 operation, Func`3 verifySucceeded, CancellationToken cancellationToken)&#xD;
   at Microsoft.EntityFrameworkCore.RelationalDatabaseFacadeExtensions.BeginTransactionAsync(DatabaseFacade databaseFacade, IsolationLevel isolationLevel, CancellationToken cancellationToken)&#xD;
   at MassTransit.EntityFrameworkCoreIntegration.Saga.EntityFrameworkSagaRepositoryContextFactory`1.WithinTransaction[T](DbContext context, CancellationToken cancellationToken, Func`1 callback) in /_/src/Persistence/MassTransit.EntityFrameworkCoreIntegration/EntityFrameworkCoreIntegration/Saga/EntityFrameworkSagaRepositoryContextFactory.cs:line 175&#xD;
   at MassTransit.EntityFrameworkCoreIntegration.Saga.EntityFrameworkSagaRepositoryContextFactory`1.Send[T](ConsumeContext`1 context, IPipe`1 next) in /_/src/Persistence/MassTransit.EntityFrameworkCoreIntegration/EntityFrameworkCoreIntegration/Saga/EntityFrameworkSagaRepositoryContextFactory.cs:line 81&#xD;
   at MassTransit.EntityFrameworkCoreIntegration.Saga.EntityFrameworkSagaRepositoryContextFactory`1.Send[T](ConsumeContext`1 context, IPipe`1 next) in /_/src/Persistence/MassTransit.EntityFrameworkCoreIntegration/EntityFrameworkCoreIntegration/Saga/EntityFrameworkSagaRepositoryContextFactory.cs:line 86&#xD;
   at MassTransit.DependencyInjection.DependencyInjectionSagaRepositoryContextFactory`1.Send[T](ConsumeContext`1 context, Func`3 send) in /_/src/MassTransit/DependencyInjection/DependencyInjection/DependencyInjectionSagaRepositoryContextFactory.cs:line 87&#xD;
   at MassTransit.DependencyInjection.DependencyInjectionSagaRepositoryContextFactory`1.Send[T](ConsumeContext`1 context, Func`3 send) in /_/src/MassTransit/DependencyInjection/DependencyInjection/DependencyInjectionSagaRepositoryContextFactory.cs:line 96&#xD;
   at MassTransit.Middleware.CorrelatedSagaFilter`2.Send(ConsumeContext`1 context, IPipe`1 next) in /_/src/MassTransit/Middleware/CorrelatedSagaFilter.cs:line 45&#xD;
00:28:19.252-D Stopping bus instances: IBus&#xD;
00:28:19.256-D Stopping bus: loopback://localhost/&#xD;
00:28:19.263-D Endpoint Stopping: loopback://localhost/OrderState&#xD;
00:28:19.264-D Consumer Stopping: loopback://localhost/OrderState (Stop Receive Transport)&#xD;
00:28:19.270-D Endpoint Completed: loopback://localhost/OrderState&#xD;
00:28:19.276-D Consumer Completed: loopback://localhost/OrderState: 1 received, 1 concurrent&#xD;
00:28:19.280-D Endpoint Stopping: loopback://localhost/VIGNESH_testhost_bus_ntuoyyndb1mmsb7obdxeot84n9&#xD;
00:28:19.280-D Consumer Stopping: loopback://localhost/VIGNESH_testhost_bus_ntuoyyndb1mmsb7obdxeot84n9 (Stop Receive Transport)&#xD;
00:28:19.280-D Endpoint Completed: loopback://localhost/VIGNESH_testhost_bus_ntuoyyndb1mmsb7obdxeot84n9&#xD;
00:28:19.280-D Consumer Completed: loopback://localhost/VIGNESH_testhost_bus_ntuoyyndb1mmsb7obdxeot84n9: 0 received, 0 concurrent&#xD;
00:28:19.290-I Bus stopped: loopback://localhost/&#xD;
</Text>
      </RunInfo>
    </RunInfos>
  </ResultSummary>
</TestRun>